Archive member included because of file (symbol)

d:/program files/emblocks/2.30/share/em_armgcc/bin/../lib/gcc/arm-none-eabi/4.7.3/../../../../arm-none-eabi/lib/armv7-m\libc.a(lib_a-exit.o)
                              d:/program files/emblocks/2.30/share/em_armgcc/bin/../lib/gcc/arm-none-eabi/4.7.3/../../../../arm-none-eabi/lib/armv7-m/crt0.o (exit)
d:/program files/emblocks/2.30/share/em_armgcc/bin/../lib/gcc/arm-none-eabi/4.7.3/../../../../arm-none-eabi/lib/armv7-m\libc.a(lib_a-impure.o)
                              d:/program files/emblocks/2.30/share/em_armgcc/bin/../lib/gcc/arm-none-eabi/4.7.3/../../../../arm-none-eabi/lib/armv7-m\libc.a(lib_a-exit.o) (_global_impure_ptr)
d:/program files/emblocks/2.30/share/em_armgcc/bin/../lib/gcc/arm-none-eabi/4.7.3/../../../../arm-none-eabi/lib/armv7-m\libc.a(lib_a-init.o)
                              d:/program files/emblocks/2.30/share/em_armgcc/bin/../lib/gcc/arm-none-eabi/4.7.3/../../../../arm-none-eabi/lib/armv7-m/crt0.o (__libc_init_array)
d:/program files/emblocks/2.30/share/em_armgcc/bin/../lib/gcc/arm-none-eabi/4.7.3/../../../../arm-none-eabi/lib/armv7-m\libc.a(lib_a-memset.o)
                              d:/program files/emblocks/2.30/share/em_armgcc/bin/../lib/gcc/arm-none-eabi/4.7.3/../../../../arm-none-eabi/lib/armv7-m/crt0.o (memset)
d:/program files/emblocks/2.30/share/em_armgcc/bin/../lib/gcc/arm-none-eabi/4.7.3/../../../../arm-none-eabi/lib/armv7-m\libc.a(lib_a-__call_atexit.o)
                              d:/program files/emblocks/2.30/share/em_armgcc/bin/../lib/gcc/arm-none-eabi/4.7.3/../../../../arm-none-eabi/lib/armv7-m\libc.a(lib_a-exit.o) (__call_exitprocs)
d:/program files/emblocks/2.30/share/em_armgcc/bin/../lib/gcc/arm-none-eabi/4.7.3/../../../../arm-none-eabi/lib/armv7-m\libc.a(lib_a-atexit.o)
                              d:/program files/emblocks/2.30/share/em_armgcc/bin/../lib/gcc/arm-none-eabi/4.7.3/../../../../arm-none-eabi/lib/armv7-m\libc.a(lib_a-__call_atexit.o) (atexit)
d:/program files/emblocks/2.30/share/em_armgcc/bin/../lib/gcc/arm-none-eabi/4.7.3/../../../../arm-none-eabi/lib/armv7-m\libc.a(lib_a-fini.o)
                              d:/program files/emblocks/2.30/share/em_armgcc/bin/../lib/gcc/arm-none-eabi/4.7.3/../../../../arm-none-eabi/lib/armv7-m\libc.a(lib_a-__call_atexit.o) (__libc_fini_array)
d:/program files/emblocks/2.30/share/em_armgcc/bin/../lib/gcc/arm-none-eabi/4.7.3/../../../../arm-none-eabi/lib/armv7-m\libc.a(lib_a-__atexit.o)
                              d:/program files/emblocks/2.30/share/em_armgcc/bin/../lib/gcc/arm-none-eabi/4.7.3/../../../../arm-none-eabi/lib/armv7-m\libc.a(lib_a-atexit.o) (__register_exitproc)
d:/program files/emblocks/2.30/share/em_armgcc/bin/../lib/gcc/arm-none-eabi/4.7.3/../../../../arm-none-eabi/lib/armv7-m\libnosys.a(_exit.o)
                              d:/program files/emblocks/2.30/share/em_armgcc/bin/../lib/gcc/arm-none-eabi/4.7.3/../../../../arm-none-eabi/lib/armv7-m\libc.a(lib_a-exit.o) (_exit)

Allocating common symbols
Common symbol       size              file

s_TimeStructVar     0x6               obj\release\src\rtc.o
arrayGPS            0x100             obj\release\src\gps.o
Time                0x4               obj\release\src\gps.o
ClockSource         0x1               obj\release\src\rtc.o

Discarded input sections

 .text          0x00000000        0x0 d:/program files/emblocks/2.30/share/em_armgcc/bin/../lib/gcc/arm-none-eabi/4.7.3/armv7-m/crti.o
 .data          0x00000000        0x0 d:/program files/emblocks/2.30/share/em_armgcc/bin/../lib/gcc/arm-none-eabi/4.7.3/armv7-m/crti.o
 .bss           0x00000000        0x0 d:/program files/emblocks/2.30/share/em_armgcc/bin/../lib/gcc/arm-none-eabi/4.7.3/armv7-m/crti.o
 .init          0x00000000        0x4 d:/program files/emblocks/2.30/share/em_armgcc/bin/../lib/gcc/arm-none-eabi/4.7.3/armv7-m/crti.o
 .fini          0x00000000        0x4 d:/program files/emblocks/2.30/share/em_armgcc/bin/../lib/gcc/arm-none-eabi/4.7.3/armv7-m/crti.o
 .ARM.attributes
                0x00000000       0x1d d:/program files/emblocks/2.30/share/em_armgcc/bin/../lib/gcc/arm-none-eabi/4.7.3/armv7-m/crti.o
 .text          0x00000000       0x54 d:/program files/emblocks/2.30/share/em_armgcc/bin/../lib/gcc/arm-none-eabi/4.7.3/armv7-m/crtbegin.o
 .data          0x00000000        0x4 d:/program files/emblocks/2.30/share/em_armgcc/bin/../lib/gcc/arm-none-eabi/4.7.3/armv7-m/crtbegin.o
 .bss           0x00000000       0x1c d:/program files/emblocks/2.30/share/em_armgcc/bin/../lib/gcc/arm-none-eabi/4.7.3/armv7-m/crtbegin.o
 .init_array    0x00000000        0x4 d:/program files/emblocks/2.30/share/em_armgcc/bin/../lib/gcc/arm-none-eabi/4.7.3/armv7-m/crtbegin.o
 .fini_array    0x00000000        0x4 d:/program files/emblocks/2.30/share/em_armgcc/bin/../lib/gcc/arm-none-eabi/4.7.3/armv7-m/crtbegin.o
 .eh_frame      0x00000000        0x0 d:/program files/emblocks/2.30/share/em_armgcc/bin/../lib/gcc/arm-none-eabi/4.7.3/armv7-m/crtbegin.o
[...]
Memory Configuration

Name             Origin             Length             Attributes
rom              0x08000000         0x00020000         xr
ram              0x20000000         0x00002000         xrw
*default*        0x00000000         0xffffffff

Linker script and memory map

LOAD d:/program files/emblocks/2.30/share/em_armgcc/bin/../lib/gcc/arm-none-eabi/4.7.3/armv7-m/crti.o
LOAD d:/program files/emblocks/2.30/share/em_armgcc/bin/../lib/gcc/arm-none-eabi/4.7.3/armv7-m/crtbegin.o
LOAD d:/program files/emblocks/2.30/share/em_armgcc/bin/../lib/gcc/arm-none-eabi/4.7.3/../../../../arm-none-eabi/lib/armv7-m/crt0.o
                0x00000100                __HEAP_SIZE = 0x100
                0x00000100                __STACK_SIZE = 0x100
                0x20002000                _eram = 0x20002000

.text           0x08000000     0x1f54
 *(.isr_vector .isr_vector.*)
 .isr_vector    0x08000000      0x124 obj\release\templates\startup_stm32f10x_md_vl.o
                0x08000000                g_pfnVectors
 *(.text .text.* .gnu.linkonce.t.*)
 .text.takeHoursMinsSeconds
                0x08000124       0xa0 obj\release\src\gps.o
                0x08000124                takeHoursMinsSeconds
 .text.CommandGPSRunner
                0x080001c4       0xbc obj\release\src\gps.o
                0x080001c4                CommandGPSRunner
 .text.SetTime  0x08000280       0x34 obj\release\src\rtc.o
                0x08000280                SetTime
 .text.CalculateTime
                0x080002b4       0xa8 obj\release\src\rtc.o
                0x080002b4                CalculateTime
 .text.TAMPER_IRQHandler
                0x0800035c       0x2c obj\release\src\rtc.o
                0x0800035c                TAMPER_IRQHandler
 .text.RTC_Config
                0x08000388       0x6c obj\release\src\rtc.o
                0x08000388                RTC_Config
 .text.RTC_IRQHandler
                0x080003f4       0x74 obj\release\src\rtc.o
                0x080003f4                RTC_IRQHandler
 .text.SetDigit1
                0x08000468      0x33c obj\release\src\digits.o
                0x08000468                SetDigit1
 .text.SetDigit2
                0x080007a4      0x264 obj\release\src\digits.o
                0x080007a4                SetDigit2
 .text.SetDigit3
                0x08000a08      0x264 obj\release\src\digits.o
                0x08000a08                SetDigit3
 .text.SetDigit4
                0x08000c6c      0x33c obj\release\src\digits.o
                0x08000c6c                SetDigit4
 .text.EraseDigits
                0x08000fa8       0x28 obj\release\src\digits.o
                0x08000fa8                EraseDigits
 .text.TestSegments
                0x08000fd0      0x208 obj\release\src\digits.o
                0x08000fd0                TestSegments
 .text.GetZone  0x080011d8       0x10 obj\release\src\flash.o
                0x080011d8                GetZone
 .text.ProgramPage
                0x080011e8       0xb0 obj\release\src\flash.o
                0x080011e8                ProgramPage
 .text.SetFlashVar
                0x08001298       0x1c obj\release\src\flash.o
                0x08001298                SetFlashVar
 .text.InterruptConf
                0x080012b4       0x3c obj\release\src\ioconfig.o
                0x080012b4                InterruptConf
 .text.EXTI0_IRQHandler
                0x080012f0       0x5c obj\release\src\ioconfig.o
                0x080012f0                EXTI0_IRQHandler
 .text.PortCConf
                0x0800134c       0x50 obj\release\src\ioconfig.o
                0x0800134c                PortCConf
 .text.PortAConf
                0x0800139c      0x16c obj\release\src\ioconfig.o
                0x0800139c                PortAConf
 .text.PortBConf
                0x08001508      0x1b0 obj\release\src\ioconfig.o
                0x08001508                PortBConf
 .text.startup.main
                0x080016b8       0xd4 obj\release\src\main.o
                0x080016b8                main
 .text.IWDG_init
                0x0800178c       0x24 obj\release\src\timers.o
                0x0800178c                IWDG_init
 .text.TIM2_init
                0x080017b0       0xac obj\release\src\timers.o
                0x080017b0                TIM2_init
 .text.delay_ms
                0x0800185c       0x14 obj\release\src\timers.o
                0x0800185c                delay_ms
 .text.TIM2_IRQHandler
                0x08001870       0x24 obj\release\src\timers.o
                0x08001870                TIM2_IRQHandler
 .text.Init_UART1
                0x08001894       0x78 obj\release\src\uart.o
                0x08001894                Init_UART1
 .text.USART1_IRQHandler
                0x0800190c       0x98 obj\release\src\uart.o
                0x0800190c                USART1_IRQHandler
 .text.ViewZone
                0x080019a4       0xc0 obj\release\src\user_interface.o
                0x080019a4                ViewZone
 .text.CheckZone
                0x08001a64       0x6c obj\release\src\user_interface.o
                0x08001a64                CheckZone
 .text.NVIC_Init
                0x08001ad0       0x7c obj\release\stm_lib\src\misc.o
                0x08001ad0                NVIC_Init
 .text.BKP_DeInit
                0x08001b4c       0x14 obj\release\stm_lib\src\stm32f10x_bkp.o
                0x08001b4c                BKP_DeInit
 .text.BKP_TamperPinCmd
                0x08001b60        0xc obj\release\stm_lib\src\stm32f10x_bkp.o
                0x08001b60                BKP_TamperPinCmd
 .text.BKP_WriteBackupRegister
                0x08001b6c       0x20 obj\release\stm_lib\src\stm32f10x_bkp.o
                0x08001b6c                BKP_WriteBackupRegister
 .text.BKP_ClearFlag
                0x08001b8c       0x14 obj\release\stm_lib\src\stm32f10x_bkp.o
                0x08001b8c                BKP_ClearFlag
 .text.BKP_ClearITPendingBit
                0x08001ba0       0x14 obj\release\stm_lib\src\stm32f10x_bkp.o
                0x08001ba0                BKP_ClearITPendingBit
 .text.FLASH_Unlock
                0x08001bb4       0x20 obj\release\stm_lib\src\stm32f10x_flash.o
                0x08001bb4                FLASH_Unlock
 .text.FLASH_Lock
                0x08001bd4       0x14 obj\release\stm_lib\src\stm32f10x_flash.o
                0x08001bd4                FLASH_Lock
 .text.IWDG_WriteAccessCmd
                0x08001be8        0xc obj\release\stm_lib\src\stm32f10x_iwdg.o
                0x08001be8                IWDG_WriteAccessCmd
 .text.IWDG_SetPrescaler
                0x08001bf4        0xc obj\release\stm_lib\src\stm32f10x_iwdg.o
                0x08001bf4                IWDG_SetPrescaler
 .text.IWDG_SetReload
                0x08001c00        0xc obj\release\stm_lib\src\stm32f10x_iwdg.o
                0x08001c00                IWDG_SetReload
 .text.IWDG_ReloadCounter
                0x08001c0c       0x10 obj\release\stm_lib\src\stm32f10x_iwdg.o
                0x08001c0c                IWDG_ReloadCounter
 .text.IWDG_Enable
                0x08001c1c       0x10 obj\release\stm_lib\src\stm32f10x_iwdg.o
                0x08001c1c                IWDG_Enable
 .text.PWR_BackupAccessCmd
                0x08001c2c        0xc obj\release\stm_lib\src\stm32f10x_pwr.o
                0x08001c2c                PWR_BackupAccessCmd
 .text.RCC_RTCCLKConfig
                0x08001c38       0x10 obj\release\stm_lib\src\stm32f10x_rcc.o
                0x08001c38                RCC_RTCCLKConfig
 .text.RCC_RTCCLKCmd
                0x08001c48        0xc obj\release\stm_lib\src\stm32f10x_rcc.o
                0x08001c48                RCC_RTCCLKCmd
 .text.RCC_APB2PeriphClockCmd
                0x08001c54       0x1c obj\release\stm_lib\src\stm32f10x_rcc.o
                0x08001c54                RCC_APB2PeriphClockCmd
 .text.RCC_APB1PeriphClockCmd
                0x08001c70       0x1c obj\release\stm_lib\src\stm32f10x_rcc.o
                0x08001c70                RCC_APB1PeriphClockCmd
 .text.RCC_BackupResetCmd
                0x08001c8c        0xc obj\release\stm_lib\src\stm32f10x_rcc.o
                0x08001c8c                RCC_BackupResetCmd
 .text.RTC_ITConfig
                0x08001c98       0x1c obj\release\stm_lib\src\stm32f10x_rtc.o
                0x08001c98                RTC_ITConfig
 .text.RTC_GetCounter
                0x08001cb4       0x14 obj\release\stm_lib\src\stm32f10x_rtc.o
                0x08001cb4                RTC_GetCounter
 .text.RTC_SetCounter
                0x08001cc8       0x28 obj\release\stm_lib\src\stm32f10x_rtc.o
                0x08001cc8                RTC_SetCounter
 .text.RTC_SetPrescaler
                0x08001cf0       0x2c obj\release\stm_lib\src\stm32f10x_rtc.o
                0x08001cf0                RTC_SetPrescaler
 .text.RTC_WaitForLastTask
                0x08001d1c       0x18 obj\release\stm_lib\src\stm32f10x_rtc.o
                0x08001d1c                RTC_WaitForLastTask
 .text.RTC_WaitForSynchro
                0x08001d34       0x24 obj\release\stm_lib\src\stm32f10x_rtc.o
                0x08001d34                RTC_WaitForSynchro
 .text.RTC_ClearITPendingBit
                0x08001d58       0x14 obj\release\stm_lib\src\stm32f10x_rtc.o
                0x08001d58                RTC_ClearITPendingBit
 .text.USART_Cmd
                0x08001d6c       0x1c obj\release\stm_lib\src\stm32f10x_usart.o
                0x08001d6c                USART_Cmd
 .text.USART_ITConfig
                0x08001d88       0x38 obj\release\stm_lib\src\stm32f10x_usart.o
                0x08001d88                USART_ITConfig
 .text.USART_ReceiveData
                0x08001dc0        0x8 obj\release\stm_lib\src\stm32f10x_usart.o
                0x08001dc0                USART_ReceiveData
 .text.USART_GetITStatus
                0x08001dc8       0x4c obj\release\stm_lib\src\stm32f10x_usart.o
                0x08001dc8                USART_GetITStatus
 .text.Default_Handler
                0x08001e14        0x4 obj\release\templates\startup_stm32f10x_md_vl.o
                0x08001e14                EXTI2_IRQHandler
                0x08001e14                TIM1_CC_IRQHandler
                0x08001e14                PVD_IRQHandler
                0x08001e14                EXTI3_IRQHandler
                0x08001e14                I2C2_EV_IRQHandler
                0x08001e14                TIM1_UP_TIM16_IRQHandler
                0x08001e14                SPI1_IRQHandler
                0x08001e14                TIM6_DAC_IRQHandler
                0x08001e14                DMA1_Channel4_IRQHandler
                0x08001e14                ADC1_IRQHandler
                0x08001e14                USART3_IRQHandler
                0x08001e14                DMA1_Channel7_IRQHandler
                0x08001e14                TIM4_IRQHandler
                0x08001e14                I2C1_EV_IRQHandler
                0x08001e14                DMA1_Channel6_IRQHandler
                0x08001e14                TIM3_IRQHandler
                0x08001e14                RCC_IRQHandler
                0x08001e14                DMA1_Channel1_IRQHandler
                0x08001e14                CEC_IRQHandler
                0x08001e14                EXTI15_10_IRQHandler
                0x08001e14                TIM7_IRQHandler
                0x08001e14                EXTI9_5_IRQHandler
                0x08001e14                SPI2_IRQHandler
                0x08001e14                DMA1_Channel5_IRQHandler
                0x08001e14                EXTI4_IRQHandler
                0x08001e14                TIM1_TRG_COM_TIM17_IRQHandler
                0x08001e14                DMA1_Channel3_IRQHandler
                0x08001e14                WWDG_IRQHandler
                0x08001e14                EXTI1_IRQHandler
                0x08001e14                RTCAlarm_IRQHandler
                0x08001e14                USART2_IRQHandler
                0x08001e14                I2C2_ER_IRQHandler
                0x08001e14                DMA1_Channel2_IRQHandler
                0x08001e14                FLASH_IRQHandler
                0x08001e14                I2C1_ER_IRQHandler
                0x08001e14                TIM1_BRK_TIM15_IRQHandler
 .text.Default_Reset_Handler
                0x08001e18       0x54 obj\release\templates\startup_stm32f10x_md_vl.o
                0x08001e18                Default_Reset_Handler
                0x08001e18                Reset_Handler
 .text.NMI_Handler
                0x08001e6c        0x4 obj\release\templates\stm32f10x_it.o
                0x08001e6c                NMI_Handler
 .text.HardFault_Handler
                0x08001e70        0x4 obj\release\templates\stm32f10x_it.o
                0x08001e70                HardFault_Handler
 .text.MemManage_Handler
                0x08001e74        0x4 obj\release\templates\stm32f10x_it.o
                0x08001e74                MemManage_Handler
 .text.BusFault_Handler
                0x08001e78        0x4 obj\release\templates\stm32f10x_it.o
                0x08001e78                BusFault_Handler
 .text.UsageFault_Handler
                0x08001e7c        0x4 obj\release\templates\stm32f10x_it.o
                0x08001e7c                UsageFault_Handler
 .text.SVC_Handler
                0x08001e80        0x4 obj\release\templates\stm32f10x_it.o
                0x08001e80                SVC_Handler
 .text.DebugMon_Handler
                0x08001e84        0x4 obj\release\templates\stm32f10x_it.o
                0x08001e84                DebugMon_Handler
 .text.PendSV_Handler
                0x08001e88        0x4 obj\release\templates\stm32f10x_it.o
                0x08001e88                PendSV_Handler
 .text.SysTick_Handler
                0x08001e8c        0x4 obj\release\templates\stm32f10x_it.o
                0x08001e8c                SysTick_Handler
 .text.SystemInit
                0x08001e90       0xc4 obj\release\templates\system_stm32f10x.o
                0x08001e90                SystemInit
 *(.glue_7t)
 .glue_7t       0x00000000        0x0 linker stubs
 *(.glue_7)
 .glue_7        0x00000000        0x0 linker stubs
 *(.rodata .rodata* .gnu.linkonce.r.*)

.vfp11_veneer   0x08001f54        0x0
 .vfp11_veneer  0x00000000        0x0 linker stubs

.v4_bx          0x08001f54        0x0
 .v4_bx         0x00000000        0x0 linker stubs

.iplt           0x08001f54        0x0
 .iplt          0x00000000        0x0 d:/program files/emblocks/2.30/share/em_armgcc/bin/../lib/gcc/arm-none-eabi/4.7.3/armv7-m/crtbegin.o

.rel.dyn        0x08001f54        0x0
 .rel.iplt      0x00000000        0x0 d:/program files/emblocks/2.30/share/em_armgcc/bin/../lib/gcc/arm-none-eabi/4.7.3/armv7-m/crtbegin.o

.ARM.extab
 *(.ARM.extab* .gnu.linkonce.armextab.*)

.ARM.exidx
 *(.ARM.exidx* .gnu.linkonce.armexidx.*)
                0x08001f54                . = ALIGN (0x4)
                0x08001f54                _etext = .
                0x08001f54                _sidata = .

.data           0x20000000        0x4 load address 0x08001f54
                0x20000000                _sdata = .
 *(.data .data.*)
 .data.InCount.5651
                0x20000000        0x1 obj\release\src\rtc.o
                0x20000004                . = ALIGN (0x4)
 *fill*         0x20000001        0x3 
                0x20000004                _edata = .

.igot.plt       0x20000004        0x0 load address 0x08001f58
 .igot.plt      0x00000000        0x0 d:/program files/emblocks/2.30/share/em_armgcc/bin/../lib/gcc/arm-none-eabi/4.7.3/armv7-m/crtbegin.o

.bss            0x20000004      0x120 load address 0x08001f58
                0x20000004                __bss_start__ = .
                0x20000004                _sbss = .
 *(.bss .bss.*)
 .bss.i         0x20000004        0x1 obj\release\src\gps.o
                0x20000004                i
 .bss.statusSyncG
                0x20000005        0x1 obj\release\src\gps.o
                0x20000005                statusSyncG
 .bss.CommandGPS
                0x20000006        0x1 obj\release\src\gps.o
                0x20000006                CommandGPS
 *fill*         0x20000007        0x1 
 .bss.WatchCounter
                0x20000008        0x4 obj\release\src\rtc.o
                0x20000008                WatchCounter
 .bss.TamperEvent
                0x2000000c        0x1 obj\release\src\rtc.o
                0x2000000c                TamperEvent
 .bss.FlagEntrance.5652
                0x2000000d        0x1 obj\release\src\rtc.o
 .bss.TIM2_flag
                0x2000000e        0x1 obj\release\src\timers.o
                0x2000000e                TIM2_flag
 .bss.ReceivedSymbol.5542
                0x2000000f        0x1 obj\release\src\uart.o
 .bss.tx_index.5540
                0x20000010        0x4 obj\release\src\uart.o
 .bss.rx_index.5541
                0x20000014        0x4 obj\release\src\uart.o
 *(COMMON)
 COMMON         0x20000018      0x104 obj\release\src\gps.o
                0x20000018                arrayGPS
                0x20000118                Time
 COMMON         0x2000011c        0x7 obj\release\src\rtc.o
                0x2000011c                s_TimeStructVar
                0x20000122                ClockSource
                0x20000124                . = ALIGN (0x4)
 *fill*         0x20000123        0x1 
                0x20000124                _ebss = .
                0x20000124                __bss_end__ = .

.co_stack       0x20000124      0x404 load address 0x08002078
                0x20000128                . = ALIGN (0x8)
 *fill*         0x20000124        0x4 
 *(.co_stack .co_stack.*)
 .co_stack      0x20000128      0x400 obj\release\templates\startup_stm32f10x_md_vl.o
                0x20000128                pulStack
                0x20000528                . = ALIGN (0x4)
                0x20000528                _end = .
LOAD obj\release\src\gps.o
LOAD obj\release\src\rtc.o
LOAD obj\release\src\delays.o
LOAD obj\release\src\digits.o
LOAD obj\release\src\flash.o
LOAD obj\release\src\ioconfig.o
LOAD obj\release\src\main.o
LOAD obj\release\src\timers.o
LOAD obj\release\src\uart.o
LOAD obj\release\src\user_interface.o
LOAD obj\release\stm_lib\src\misc.o
LOAD obj\release\stm_lib\src\stm32f10x_adc.o
LOAD obj\release\stm_lib\src\stm32f10x_bkp.o
LOAD obj\release\stm_lib\src\stm32f10x_can.o
LOAD obj\release\stm_lib\src\stm32f10x_cec.o
LOAD obj\release\stm_lib\src\stm32f10x_crc.o
LOAD obj\release\stm_lib\src\stm32f10x_dac.o
LOAD obj\release\stm_lib\src\stm32f10x_dbgmcu.o
LOAD obj\release\stm_lib\src\stm32f10x_dma.o
LOAD obj\release\stm_lib\src\stm32f10x_exti.o
LOAD obj\release\stm_lib\src\stm32f10x_flash.o
LOAD obj\release\stm_lib\src\stm32f10x_fsmc.o
LOAD obj\release\stm_lib\src\stm32f10x_gpio.o
LOAD obj\release\stm_lib\src\stm32f10x_i2c.o
LOAD obj\release\stm_lib\src\stm32f10x_iwdg.o
LOAD obj\release\stm_lib\src\stm32f10x_pwr.o
LOAD obj\release\stm_lib\src\stm32f10x_rcc.o
LOAD obj\release\stm_lib\src\stm32f10x_rtc.o
LOAD obj\release\stm_lib\src\stm32f10x_sdio.o
LOAD obj\release\stm_lib\src\stm32f10x_spi.o
LOAD obj\release\stm_lib\src\stm32f10x_tim.o
LOAD obj\release\stm_lib\src\stm32f10x_usart.o
LOAD obj\release\stm_lib\src\stm32f10x_wwdg.o
LOAD obj\release\templates\startup_stm32f10x_md_vl.o
LOAD obj\release\templates\stm32f10x_it.o
LOAD obj\release\templates\system_stm32f10x.o
START GROUP
LOAD d:/program files/emblocks/2.30/share/em_armgcc/bin/../lib/gcc/arm-none-eabi/4.7.3/armv7-m\libgcc.a
LOAD d:/program files/emblocks/2.30/share/em_armgcc/bin/../lib/gcc/arm-none-eabi/4.7.3/../../../../arm-none-eabi/lib/armv7-m\libc.a
LOAD d:/program files/emblocks/2.30/share/em_armgcc/bin/../lib/gcc/arm-none-eabi/4.7.3/../../../../arm-none-eabi/lib/armv7-m\libg.a
LOAD d:/program files/emblocks/2.30/share/em_armgcc/bin/../lib/gcc/arm-none-eabi/4.7.3/../../../../arm-none-eabi/lib/armv7-m\libm.a
LOAD d:/program files/emblocks/2.30/share/em_armgcc/bin/../lib/gcc/arm-none-eabi/4.7.3/../../../../arm-none-eabi/lib/armv7-m\libnosys.a
END GROUP
LOAD d:/program files/emblocks/2.30/share/em_armgcc/bin/../lib/gcc/arm-none-eabi/4.7.3/armv7-m/crtend.o
LOAD d:/program files/emblocks/2.30/share/em_armgcc/bin/../lib/gcc/arm-none-eabi/4.7.3/armv7-m/crtn.o
OUTPUT(bin\Release\GPS_watch.elf elf32-littlearm)

.debug_info     0x00000000     0x7b8d
 .debug_info    0x00000000      0x391 obj\release\src\gps.o
 .debug_info    0x00000391      0xe0a obj\release\src\rtc.o
 .debug_info    0x0000119b      0x4f0 obj\release\src\digits.o
 .debug_info    0x0000168b      0x3e5 obj\release\src\flash.o
 .debug_info    0x00001a70      0x882 obj\release\src\ioconfig.o
 .debug_info    0x000022f2      0x436 obj\release\src\main.o
 .debug_info    0x00002728      0x870 obj\release\src\timers.o
 .debug_info    0x00002f98      0x670 obj\release\src\uart.o
 .debug_info    0x00003608      0x3a1 obj\release\src\user_interface.o
 .debug_info    0x000039a9      0x5b7 obj\release\stm_lib\src\misc.o
 .debug_info    0x00003f60      0x8ed obj\release\stm_lib\src\stm32f10x_bkp.o
 .debug_info    0x0000484d      0xb01 obj\release\stm_lib\src\stm32f10x_flash.o
 .debug_info    0x0000534e      0x233 obj\release\stm_lib\src\stm32f10x_iwdg.o
 .debug_info    0x00005581      0x532 obj\release\stm_lib\src\stm32f10x_pwr.o
 .debug_info    0x00005ab3      0xa5a obj\release\stm_lib\src\stm32f10x_rcc.o
 .debug_info    0x0000650d      0x50f obj\release\stm_lib\src\stm32f10x_rtc.o
 .debug_info    0x00006a1c      0xc07 obj\release\stm_lib\src\stm32f10x_usart.o
 .debug_info    0x00007623      0x12e obj\release\templates\startup_stm32f10x_md_vl.o
 .debug_info    0x00007751      0x15d obj\release\templates\stm32f10x_it.o
 .debug_info    0x000078ae      0x2df obj\release\templates\system_stm32f10x.o

.debug_abbrev   0x00000000     0x222d
 .debug_abbrev  0x00000000      0x1b0 obj\release\src\gps.o
 .debug_abbrev  0x000001b0      0x2e5 obj\release\src\rtc.o
 .debug_abbrev  0x00000495      0x136 obj\release\src\digits.o
 .debug_abbrev  0x000005cb      0x19a obj\release\src\flash.o
 .debug_abbrev  0x00000765      0x20b obj\release\src\ioconfig.o
 .debug_abbrev  0x00000970      0x17f obj\release\src\main.o
 .debug_abbrev  0x00000aef      0x1d5 obj\release\src\timers.o
 .debug_abbrev  0x00000cc4      0x20f obj\release\src\uart.o
 .debug_abbrev  0x00000ed3      0x1bf obj\release\src\user_interface.o
 .debug_abbrev  0x00001092      0x154 obj\release\stm_lib\src\misc.o
 .debug_abbrev  0x000011e6      0x1b7 obj\release\stm_lib\src\stm32f10x_bkp.o
 .debug_abbrev  0x0000139d      0x24a obj\release\stm_lib\src\stm32f10x_flash.o
 .debug_abbrev  0x000015e7      0x114 obj\release\stm_lib\src\stm32f10x_iwdg.o
 .debug_abbrev  0x000016fb      0x1d3 obj\release\stm_lib\src\stm32f10x_pwr.o
 .debug_abbrev  0x000018ce      0x28f obj\release\stm_lib\src\stm32f10x_rcc.o
 .debug_abbrev  0x00001b5d      0x1c5 obj\release\stm_lib\src\stm32f10x_rtc.o
 .debug_abbrev  0x00001d22      0x232 obj\release\stm_lib\src\stm32f10x_usart.o
 .debug_abbrev  0x00001f54       0xf1 obj\release\templates\startup_stm32f10x_md_vl.o
 .debug_abbrev  0x00002045       0x69 obj\release\templates\stm32f10x_it.o
 .debug_abbrev  0x000020ae      0x17f obj\release\templates\system_stm32f10x.o

.debug_loc      0x00000000     0x2dcb
 .debug_loc     0x00000000       0xf1 obj\release\src\gps.o
 .debug_loc     0x000000f1      0x2c5 obj\release\src\rtc.o
 .debug_loc     0x000003b6      0x2b6 obj\release\src\digits.o
 .debug_loc     0x0000066c      0x224 obj\release\src\flash.o
 .debug_loc     0x00000890       0x60 obj\release\src\ioconfig.o
 .debug_loc     0x000008f0       0x20 obj\release\src\main.o
 .debug_loc     0x00000910       0xa2 obj\release\src\timers.o
 .debug_loc     0x000009b2       0x81 obj\release\src\uart.o
 .debug_loc     0x00000a33       0x73 obj\release\src\user_interface.o
 .debug_loc     0x00000aa6      0x181 obj\release\stm_lib\src\misc.o
 .debug_loc     0x00000c27      0x198 obj\release\stm_lib\src\stm32f10x_bkp.o
 .debug_loc     0x00000dbf      0xa7c obj\release\stm_lib\src\stm32f10x_flash.o
 .debug_loc     0x0000183b       0x62 obj\release\stm_lib\src\stm32f10x_iwdg.o
 .debug_loc     0x0000189d      0x151 obj\release\stm_lib\src\stm32f10x_pwr.o
 .debug_loc     0x000019ee      0x88d obj\release\stm_lib\src\stm32f10x_rcc.o
 .debug_loc     0x0000227b      0x20e obj\release\stm_lib\src\stm32f10x_rtc.o
 .debug_loc     0x00002489      0x7c5 obj\release\stm_lib\src\stm32f10x_usart.o
 .debug_loc     0x00002c4e       0x20 obj\release\templates\startup_stm32f10x_md_vl.o
 .debug_loc     0x00002c6e      0x15d obj\release\templates\system_stm32f10x.o

.debug_aranges  0x00000000      0x7d0
 .debug_aranges
                0x00000000       0x28 obj\release\src\gps.o
 .debug_aranges
                0x00000028       0x70 obj\release\src\rtc.o
 .debug_aranges
                0x00000098       0x48 obj\release\src\digits.o
 .debug_aranges
                0x000000e0       0x48 obj\release\src\flash.o
 .debug_aranges
                0x00000128       0x40 obj\release\src\ioconfig.o
 .debug_aranges
                0x00000168       0x20 obj\release\src\main.o
 .debug_aranges
                0x00000188       0x40 obj\release\src\timers.o
 .debug_aranges
                0x000001c8       0x30 obj\release\src\uart.o
 .debug_aranges
                0x000001f8       0x28 obj\release\src\user_interface.o
 .debug_aranges
                0x00000220       0x40 obj\release\stm_lib\src\misc.o
 .debug_aranges
                0x00000260       0x78 obj\release\stm_lib\src\stm32f10x_bkp.o
 .debug_aranges
                0x000002d8       0xf8 obj\release\stm_lib\src\stm32f10x_flash.o
 .debug_aranges
                0x000003d0       0x48 obj\release\stm_lib\src\stm32f10x_iwdg.o
 .debug_aranges
                0x00000418       0x60 obj\release\stm_lib\src\stm32f10x_pwr.o
 .debug_aranges
                0x00000478      0x120 obj\release\stm_lib\src\stm32f10x_rcc.o
 .debug_aranges
                0x00000598       0x88 obj\release\stm_lib\src\stm32f10x_rtc.o
 .debug_aranges
                0x00000620      0x100 obj\release\stm_lib\src\stm32f10x_usart.o
 .debug_aranges
                0x00000720       0x28 obj\release\templates\startup_stm32f10x_md_vl.o
 .debug_aranges
                0x00000748       0x60 obj\release\templates\stm32f10x_it.o
 .debug_aranges
                0x000007a8       0x28 obj\release\templates\system_stm32f10x.o

.debug_ranges   0x00000000      0x860
 .debug_ranges  0x00000000       0x18 obj\release\src\gps.o
 .debug_ranges  0x00000018       0x60 obj\release\src\rtc.o
 .debug_ranges  0x00000078       0x38 obj\release\src\digits.o
 .debug_ranges  0x000000b0       0x38 obj\release\src\flash.o
 .debug_ranges  0x000000e8       0x50 obj\release\src\ioconfig.o
 .debug_ranges  0x00000138       0x38 obj\release\src\main.o
 .debug_ranges  0x00000170       0x70 obj\release\src\timers.o
 .debug_ranges  0x000001e0       0x20 obj\release\src\uart.o
 .debug_ranges  0x00000200       0x30 obj\release\src\user_interface.o
 .debug_ranges  0x00000230       0x30 obj\release\stm_lib\src\misc.o
 .debug_ranges  0x00000260       0x68 obj\release\stm_lib\src\stm32f10x_bkp.o
 .debug_ranges  0x000002c8      0x128 obj\release\stm_lib\src\stm32f10x_flash.o
 .debug_ranges  0x000003f0       0x38 obj\release\stm_lib\src\stm32f10x_iwdg.o
 .debug_ranges  0x00000428       0x50 obj\release\stm_lib\src\stm32f10x_pwr.o
 .debug_ranges  0x00000478      0x140 obj\release\stm_lib\src\stm32f10x_rcc.o
 .debug_ranges  0x000005b8       0xd8 obj\release\stm_lib\src\stm32f10x_rtc.o
 .debug_ranges  0x00000690       0xf0 obj\release\stm_lib\src\stm32f10x_usart.o
 .debug_ranges  0x00000780       0x18 obj\release\templates\startup_stm32f10x_md_vl.o
 .debug_ranges  0x00000798       0x50 obj\release\templates\stm32f10x_it.o
 .debug_ranges  0x000007e8       0x78 obj\release\templates\system_stm32f10x.o

.debug_line     0x00000000     0x38dd
 .debug_line    0x00000000      0x23e obj\release\src\gps.o
 .debug_line    0x0000023e      0x3cf obj\release\src\rtc.o
 .debug_line    0x0000060d      0x31c obj\release\src\digits.o
 .debug_line    0x00000929      0x27e obj\release\src\flash.o
 .debug_line    0x00000ba7      0x311 obj\release\src\ioconfig.o
 .debug_line    0x00000eb8      0x24d obj\release\src\main.o
 .debug_line    0x00001105      0x29c obj\release\src\timers.o
 .debug_line    0x000013a1      0x255 obj\release\src\uart.o
 .debug_line    0x000015f6      0x234 obj\release\src\user_interface.o
 .debug_line    0x0000182a      0x244 obj\release\stm_lib\src\misc.o
 .debug_line    0x00001a6e      0x2c1 obj\release\stm_lib\src\stm32f10x_bkp.o
 .debug_line    0x00001d2f      0x54d obj\release\stm_lib\src\stm32f10x_flash.o
 .debug_line    0x0000227c      0x227 obj\release\stm_lib\src\stm32f10x_iwdg.o
 .debug_line    0x000024a3      0x2b8 obj\release\stm_lib\src\stm32f10x_pwr.o
 .debug_line    0x0000275b      0x4b3 obj\release\stm_lib\src\stm32f10x_rcc.o
 .debug_line    0x00002c0e      0x31c obj\release\stm_lib\src\stm32f10x_rtc.o
 .debug_line    0x00002f2a      0x4e7 obj\release\stm_lib\src\stm32f10x_usart.o
 .debug_line    0x00003411       0x76 obj\release\templates\startup_stm32f10x_md_vl.o
 .debug_line    0x00003487      0x22d obj\release\templates\stm32f10x_it.o
 .debug_line    0x000036b4      0x229 obj\release\templates\system_stm32f10x.o

.debug_str      0x00000000     0x20ea
 .debug_str     0x00000000      0x1ab obj\release\src\gps.o
                                0x201 (size before relaxing)
 .debug_str     0x000001ab      0x7cf obj\release\src\rtc.o
                                0x97c (size before relaxing)
 .debug_str     0x0000097a       0x4c obj\release\src\digits.o
                                0x175 (size before relaxing)
 .debug_str     0x000009c6      0x121 obj\release\src\flash.o
                                0x24a (size before relaxing)
 .debug_str     0x00000ae7       0xe9 obj\release\src\ioconfig.o
                                0x603 (size before relaxing)
 .debug_str     0x00000bd0       0x42 obj\release\src\main.o
                                0x23d (size before relaxing)
 .debug_str     0x00000c12      0x177 obj\release\src\timers.o
                                0x618 (size before relaxing)
 .debug_str     0x00000d89       0xaa obj\release\src\uart.o
                                0x5bc (size before relaxing)
 .debug_str     0x00000e33       0x27 obj\release\src\user_interface.o
                                0x1af (size before relaxing)
 .debug_str     0x00000e5a      0x12d obj\release\stm_lib\src\misc.o
                                0x352 (size before relaxing)
 .debug_str     0x00000f87      0x2c7 obj\release\stm_lib\src\stm32f10x_bkp.o
                                0x55c (size before relaxing)
 .debug_str     0x0000124e      0x36a obj\release\stm_lib\src\stm32f10x_flash.o
                                0x57c (size before relaxing)
 .debug_str     0x000015b8       0x5a obj\release\stm_lib\src\stm32f10x_iwdg.o
                                0x1f0 (size before relaxing)
 .debug_str     0x00001612       0xfe obj\release\stm_lib\src\stm32f10x_pwr.o
                                0x2cd (size before relaxing)
 .debug_str     0x00001710      0x39a obj\release\stm_lib\src\stm32f10x_rcc.o
                                0x601 (size before relaxing)
 .debug_str     0x00001aaa       0xed obj\release\stm_lib\src\stm32f10x_rtc.o
                                0x336 (size before relaxing)
 .debug_str     0x00001b97      0x3ba obj\release\stm_lib\src\stm32f10x_usart.o
                                0x664 (size before relaxing)
 .debug_str     0x00001f51       0x90 obj\release\templates\startup_stm32f10x_md_vl.o
                                 0xdd (size before relaxing)
 .debug_str     0x00001fe1       0xa9 obj\release\templates\stm32f10x_it.o
                                0x182 (size before relaxing)
 .debug_str     0x0000208a       0x60 obj\release\templates\system_stm32f10x.o
                                0x21a (size before relaxing)

.comment        0x00000000       0x38
 .comment       0x00000000       0x38 obj\release\src\gps.o
                                 0x39 (size before relaxing)
 .comment       0x00000000       0x39 obj\release\src\rtc.o
 .comment       0x00000000       0x39 obj\release\src\digits.o
 .comment       0x00000000       0x39 obj\release\src\flash.o
 .comment       0x00000000       0x39 obj\release\src\ioconfig.o
 .comment       0x00000000       0x39 obj\release\src\main.o
 .comment       0x00000000       0x39 obj\release\src\timers.o
 .comment       0x00000000       0x39 obj\release\src\uart.o
 .comment       0x00000000       0x39 obj\release\src\user_interface.o
 .comment       0x00000000       0x39 obj\release\stm_lib\src\misc.o
 .comment       0x00000000       0x39 obj\release\stm_lib\src\stm32f10x_bkp.o
 .comment       0x00000000       0x39 obj\release\stm_lib\src\stm32f10x_flash.o
 .comment       0x00000000       0x39 obj\release\stm_lib\src\stm32f10x_iwdg.o
 .comment       0x00000000       0x39 obj\release\stm_lib\src\stm32f10x_pwr.o
 .comment       0x00000000       0x39 obj\release\stm_lib\src\stm32f10x_rcc.o
 .comment       0x00000000       0x39 obj\release\stm_lib\src\stm32f10x_rtc.o
 .comment       0x00000000       0x39 obj\release\stm_lib\src\stm32f10x_usart.o
 .comment       0x00000000       0x39 obj\release\templates\startup_stm32f10x_md_vl.o
 .comment       0x00000000       0x39 obj\release\templates\stm32f10x_it.o
 .comment       0x00000000       0x39 obj\release\templates\system_stm32f10x.o

.ARM.attributes
                0x00000000       0x29
 .ARM.attributes
                0x00000000       0x33 obj\release\src\gps.o
 .ARM.attributes
                0x00000033       0x33 obj\release\src\rtc.o
 .ARM.attributes
                0x00000066       0x33 obj\release\src\digits.o
 .ARM.attributes
                0x00000099       0x33 obj\release\src\flash.o
 .ARM.attributes
                0x000000cc       0x33 obj\release\src\ioconfig.o
 .ARM.attributes
                0x000000ff       0x33 obj\release\src\main.o
 .ARM.attributes
                0x00000132       0x33 obj\release\src\timers.o
 .ARM.attributes
                0x00000165       0x33 obj\release\src\uart.o
 .ARM.attributes
                0x00000198       0x33 obj\release\src\user_interface.o
 .ARM.attributes
                0x000001cb       0x33 obj\release\stm_lib\src\misc.o
 .ARM.attributes
                0x000001fe       0x33 obj\release\stm_lib\src\stm32f10x_bkp.o
 .ARM.attributes
                0x00000231       0x33 obj\release\stm_lib\src\stm32f10x_flash.o
 .ARM.attributes
                0x00000264       0x33 obj\release\stm_lib\src\stm32f10x_iwdg.o
 .ARM.attributes
                0x00000297       0x33 obj\release\stm_lib\src\stm32f10x_pwr.o
 .ARM.attributes
                0x000002ca       0x33 obj\release\stm_lib\src\stm32f10x_rcc.o
 .ARM.attributes
                0x000002fd       0x33 obj\release\stm_lib\src\stm32f10x_rtc.o
 .ARM.attributes
                0x00000330       0x33 obj\release\stm_lib\src\stm32f10x_usart.o
 .ARM.attributes
                0x00000363       0x33 obj\release\templates\startup_stm32f10x_md_vl.o
 .ARM.attributes
                0x00000396       0x33 obj\release\templates\stm32f10x_it.o
 .ARM.attributes
                0x000003c9       0x33 obj\release\templates\system_stm32f10x.o

.debug_frame    0x00000000      0xf5c
 .debug_frame   0x00000000       0x44 obj\release\src\gps.o
 .debug_frame   0x00000044      0x128 obj\release\src\rtc.o
 .debug_frame   0x0000016c       0x9c obj\release\src\digits.o
 .debug_frame   0x00000208       0xa0 obj\release\src\flash.o
 .debug_frame   0x000002a8       0x78 obj\release\src\ioconfig.o
 .debug_frame   0x00000320       0x30 obj\release\src\main.o
 .debug_frame   0x00000350       0x78 obj\release\src\timers.o
 .debug_frame   0x000003c8       0x54 obj\release\src\uart.o
 .debug_frame   0x0000041c       0x4c obj\release\src\user_interface.o
 .debug_frame   0x00000468       0x68 obj\release\stm_lib\src\misc.o
 .debug_frame   0x000004d0       0xe0 obj\release\stm_lib\src\stm32f10x_bkp.o
 .debug_frame   0x000005b0      0x254 obj\release\stm_lib\src\stm32f10x_flash.o
 .debug_frame   0x00000804       0x70 obj\release\stm_lib\src\stm32f10x_iwdg.o
 .debug_frame   0x00000874       0xb0 obj\release\stm_lib\src\stm32f10x_pwr.o
 .debug_frame   0x00000924      0x22c obj\release\stm_lib\src\stm32f10x_rcc.o
 .debug_frame   0x00000b50       0xf0 obj\release\stm_lib\src\stm32f10x_rtc.o
 .debug_frame   0x00000c40      0x210 obj\release\stm_lib\src\stm32f10x_usart.o
 .debug_frame   0x00000e50       0x38 obj\release\templates\startup_stm32f10x_md_vl.o
 .debug_frame   0x00000e88       0xa0 obj\release\templates\stm32f10x_it.o
 .debug_frame   0x00000f28       0x34 obj\release\templates\system_stm32f10x.o
