Archive member included because of file (symbol)

d:/program files/emblocks/2.20/share/em_armgcc/bin/../lib/gcc/arm-none-eabi/4.7.3/../../../../arm-none-eabi/lib/armv7-m\libc.a(lib_a-__atexit.o)
                              d:/program files/emblocks/2.20/share/em_armgcc/bin/../lib/gcc/arm-none-eabi/4.7.3/../../../../arm-none-eabi/lib/armv7-m/crt0.o (__register_exitproc)
d:/program files/emblocks/2.20/share/em_armgcc/bin/../lib/gcc/arm-none-eabi/4.7.3/../../../../arm-none-eabi/lib/armv7-m\libc.a(lib_a-exit.o)
                              d:/program files/emblocks/2.20/share/em_armgcc/bin/../lib/gcc/arm-none-eabi/4.7.3/../../../../arm-none-eabi/lib/armv7-m/crt0.o (exit)
d:/program files/emblocks/2.20/share/em_armgcc/bin/../lib/gcc/arm-none-eabi/4.7.3/../../../../arm-none-eabi/lib/armv7-m\libc.a(lib_a-fini.o)
                              d:/program files/emblocks/2.20/share/em_armgcc/bin/../lib/gcc/arm-none-eabi/4.7.3/../../../../arm-none-eabi/lib/armv7-m/crt0.o (__libc_fini_array)
d:/program files/emblocks/2.20/share/em_armgcc/bin/../lib/gcc/arm-none-eabi/4.7.3/../../../../arm-none-eabi/lib/armv7-m\libc.a(lib_a-impure.o)
                              d:/program files/emblocks/2.20/share/em_armgcc/bin/../lib/gcc/arm-none-eabi/4.7.3/../../../../arm-none-eabi/lib/armv7-m\libc.a(lib_a-__atexit.o) (_global_impure_ptr)
d:/program files/emblocks/2.20/share/em_armgcc/bin/../lib/gcc/arm-none-eabi/4.7.3/../../../../arm-none-eabi/lib/armv7-m\libc.a(lib_a-init.o)
                              d:/program files/emblocks/2.20/share/em_armgcc/bin/../lib/gcc/arm-none-eabi/4.7.3/../../../../arm-none-eabi/lib/armv7-m/crt0.o (__libc_init_array)
d:/program files/emblocks/2.20/share/em_armgcc/bin/../lib/gcc/arm-none-eabi/4.7.3/../../../../arm-none-eabi/lib/armv7-m\libc.a(lib_a-memset.o)
                              d:/program files/emblocks/2.20/share/em_armgcc/bin/../lib/gcc/arm-none-eabi/4.7.3/../../../../arm-none-eabi/lib/armv7-m/crt0.o (memset)
d:/program files/emblocks/2.20/share/em_armgcc/bin/../lib/gcc/arm-none-eabi/4.7.3/../../../../arm-none-eabi/lib/armv7-m\libc.a(lib_a-__call_atexit.o)
                              d:/program files/emblocks/2.20/share/em_armgcc/bin/../lib/gcc/arm-none-eabi/4.7.3/../../../../arm-none-eabi/lib/armv7-m\libc.a(lib_a-exit.o) (__call_exitprocs)
d:/program files/emblocks/2.20/share/em_armgcc/bin/../lib/gcc/arm-none-eabi/4.7.3/../../../../arm-none-eabi/lib/armv7-m\libc.a(lib_a-atexit.o)
                              d:/program files/emblocks/2.20/share/em_armgcc/bin/../lib/gcc/arm-none-eabi/4.7.3/../../../../arm-none-eabi/lib/armv7-m\libc.a(lib_a-__call_atexit.o) (atexit)
d:/program files/emblocks/2.20/share/em_armgcc/bin/../lib/gcc/arm-none-eabi/4.7.3/../../../../arm-none-eabi/lib/armv7-m\libnosys.a(_exit.o)
                              d:/program files/emblocks/2.20/share/em_armgcc/bin/../lib/gcc/arm-none-eabi/4.7.3/../../../../arm-none-eabi/lib/armv7-m\libc.a(lib_a-exit.o) (_exit)

Allocating common symbols
Common symbol       size              file

s_TimeStructVar     0x6               obj\release\src\rtc.o
Temp                0x2               obj\release\src\timers.o
Hum                 0x2               obj\release\src\timers.o
CalculatedTemp      0x4               obj\release\src\timers.o
ADC_InitStructure   0x14              obj\release\src\adc.o
Crc                 0x1               obj\release\src\timers.o
ADC_ConvertedValue  0x10              obj\release\src\adc.o
GPIO_InitStructure  0x4               obj\release\src\adc.o
CalculatedHum       0x4               obj\release\src\timers.o
NVIC_InitStructure  0x4               obj\release\src\adc.o
ClockSource         0x1               obj\release\src\rtc.o

Discarded input sections

 .text          0x00000000        0x0 d:/program files/emblocks/2.20/share/em_armgcc/bin/../lib/gcc/arm-none-eabi/4.7.3/armv7-m/crti.o
 .data          0x00000000        0x0 d:/program files/emblocks/2.20/share/em_armgcc/bin/../lib/gcc/arm-none-eabi/4.7.3/armv7-m/crti.o
 .bss           0x00000000        0x0 d:/program files/emblocks/2.20/share/em_armgcc/bin/../lib/gcc/arm-none-eabi/4.7.3/armv7-m/crti.o
 .init          0x00000000        0x4 d:/program files/emblocks/2.20/share/em_armgcc/bin/../lib/gcc/arm-none-eabi/4.7.3/armv7-m/crti.o
 .fini          0x00000000        0x4 d:/program files/emblocks/2.20/share/em_armgcc/bin/../lib/gcc/arm-none-eabi/4.7.3/armv7-m/crti.o
 .ARM.attributes
                0x00000000       0x1d d:/program files/emblocks/2.20/share/em_armgcc/bin/../lib/gcc/arm-none-eabi/4.7.3/armv7-m/crti.o
 .text          0x00000000       0x54 d:/program files/emblocks/2.20/share/em_armgcc/bin/../lib/gcc/arm-none-eabi/4.7.3/armv7-m/crtbegin.o
 .data          0x00000000        0x4 d:/program files/emblocks/2.20/share/em_armgcc/bin/../lib/gcc/arm-none-eabi/4.7.3/armv7-m/crtbegin.o
 .bss           0x00000000       0x1c d:/program files/emblocks/2.20/share/em_armgcc/bin/../lib/gcc/arm-none-eabi/4.7.3/armv7-m/crtbegin.o
[...]
Memory Configuration

Name             Origin             Length             Attributes
rom              0x08000000         0x00020000         xr
ram              0x20000000         0x00002000         xrw
*default*        0x00000000         0xffffffff

Linker script and memory map

LOAD d:/program files/emblocks/2.20/share/em_armgcc/bin/../lib/gcc/arm-none-eabi/4.7.3/armv7-m/crti.o
LOAD d:/program files/emblocks/2.20/share/em_armgcc/bin/../lib/gcc/arm-none-eabi/4.7.3/armv7-m/crtbegin.o
LOAD d:/program files/emblocks/2.20/share/em_armgcc/bin/../lib/gcc/arm-none-eabi/4.7.3/../../../../arm-none-eabi/lib/armv7-m/crt0.o
                0x00000000                __HEAP_SIZE = 0x0
                0x00000100                __STACK_SIZE = 0x100
                0x20002000                _eram = 0x20002000

.text           0x08000000     0x1d90
 *(.isr_vector .isr_vector.*)
 .isr_vector    0x08000000      0x124 obj\release\src\startup_stm32f10x_md_vl.o
                0x08000000                g_pfnVectors
 *(.text .text.* .gnu.linkonce.t.*)
 .text.CalculateTime
                0x08000124       0xa8 obj\release\src\rtc.o
                0x08000124                CalculateTime
 .text.TAMPER_IRQHandler
                0x080001cc       0x2c obj\release\src\rtc.o
                0x080001cc                TAMPER_IRQHandler
 .text.RTC_Config
                0x080001f8       0x8c obj\release\src\rtc.o
                0x080001f8                RTC_Config
 .text.RTC_IRQHandler
                0x08000284      0x108 obj\release\src\rtc.o
                0x08000284                RTC_IRQHandler
 .text.ConfigADC
                0x0800038c       0xec obj\release\src\adc.o
                0x0800038c                ConfigADC
 .text.ADC_array_check
                0x08000478       0xe8 obj\release\src\adc.o
                0x08000478                ADC_array_check
 .text.ADC1_IRQHandler
                0x08000560       0x60 obj\release\src\adc.o
                0x08000560                ADC1_IRQHandler
 .text.delay_1s
                0x080005c0        0x4 obj\release\src\delays.o
                0x080005c0                delay_1s
 .text.SetDigit1
                0x080005c4      0x238 obj\release\src\digits.o
                0x080005c4                SetDigit1
 .text.SetDigit2
                0x080007fc      0x238 obj\release\src\digits.o
                0x080007fc                SetDigit2
 .text.SetDigit3
                0x08000a34      0x238 obj\release\src\digits.o
                0x08000a34                SetDigit3
 .text.SetDigit4
                0x08000c6c      0x238 obj\release\src\digits.o
                0x08000c6c                SetDigit4
 .text.EXTI0_IRQHandler
                0x08000ea4       0x28 obj\release\src\ioconfig.o
                0x08000ea4                EXTI0_IRQHandler
 .text.EXTI1_IRQHandler
                0x08000ecc       0x28 obj\release\src\ioconfig.o
                0x08000ecc                EXTI1_IRQHandler
 .text.EXTI2_IRQHandler
                0x08000ef4       0x28 obj\release\src\ioconfig.o
                0x08000ef4                EXTI2_IRQHandler
 .text.EXTI3_IRQHandler
                0x08000f1c       0x28 obj\release\src\ioconfig.o
                0x08000f1c                EXTI3_IRQHandler
 .text.EXTI4_IRQHandler
                0x08000f44       0x28 obj\release\src\ioconfig.o
                0x08000f44                EXTI4_IRQHandler
 .text.PortAConf
                0x08000f6c      0x154 obj\release\src\ioconfig.o
                0x08000f6c                PortAConf
 .text.PortBConf
                0x080010c0      0x1b0 obj\release\src\ioconfig.o
                0x080010c0                PortBConf
 .text.startup.main
                0x08001270       0x64 obj\release\src\main.o
                0x08001270                main
 .text.Default_Handler
                0x080012d4        0x4 obj\release\src\startup_stm32f10x_md_vl.o
                0x080012d4                DebugMon_Handler
                0x080012d4                TIM1_CC_IRQHandler
                0x080012d4                HardFault_Handler
                0x080012d4                SysTick_Handler
                0x080012d4                PVD_IRQHandler
                0x080012d4                PendSV_Handler
                0x080012d4                NMI_Handler
                0x080012d4                I2C2_EV_IRQHandler
                0x080012d4                TIM1_UP_TIM16_IRQHandler
                0x080012d4                UsageFault_Handler
                0x080012d4                SPI1_IRQHandler
                0x080012d4                TIM6_DAC_IRQHandler
                0x080012d4                DMA1_Channel4_IRQHandler
                0x080012d4                USART3_IRQHandler
                0x080012d4                DMA1_Channel7_IRQHandler
                0x080012d4                TIM4_IRQHandler
                0x080012d4                I2C1_EV_IRQHandler
                0x080012d4                DMA1_Channel6_IRQHandler
                0x080012d4                TIM3_IRQHandler
                0x080012d4                RCC_IRQHandler
                0x080012d4                DMA1_Channel1_IRQHandler
                0x080012d4                CEC_IRQHandler
                0x080012d4                EXTI15_10_IRQHandler
                0x080012d4                TIM7_IRQHandler
                0x080012d4                EXTI9_5_IRQHandler
                0x080012d4                SPI2_IRQHandler
                0x080012d4                MemManage_Handler
                0x080012d4                SVC_Handler
                0x080012d4                DMA1_Channel5_IRQHandler
                0x080012d4                TIM1_TRG_COM_TIM17_IRQHandler
                0x080012d4                DMA1_Channel3_IRQHandler
                0x080012d4                WWDG_IRQHandler
                0x080012d4                RTCAlarm_IRQHandler
                0x080012d4                USART2_IRQHandler
                0x080012d4                I2C2_ER_IRQHandler
                0x080012d4                DMA1_Channel2_IRQHandler
                0x080012d4                FLASH_IRQHandler
                0x080012d4                BusFault_Handler
                0x080012d4                USART1_IRQHandler
                0x080012d4                I2C1_ER_IRQHandler
                0x080012d4                TIM1_BRK_TIM15_IRQHandler
 .text.Default_Reset_Handler
                0x080012d8       0x58 obj\release\src\startup_stm32f10x_md_vl.o
                0x080012d8                Default_Reset_Handler
                0x080012d8                Reset_Handler
 .text.SystemInit
                0x08001330       0xd4 obj\release\src\system_stm32f10x.o
                0x08001330                SystemInit
 .text.TIM2_init
                0x08001404       0xa0 obj\release\src\timers.o
                0x08001404                TIM2_init
 .text.TIM2_IRQHandler
                0x080014a4      0x178 obj\release\src\timers.o
                0x080014a4                TIM2_IRQHandler
 .text.NVIC_PriorityGroupConfig
                0x0800161c       0x14 obj\release\stm_lib\src\misc.o
                0x0800161c                NVIC_PriorityGroupConfig
 .text.NVIC_Init
                0x08001630       0x7c obj\release\stm_lib\src\misc.o
                0x08001630                NVIC_Init
 .text.ADC_Init
                0x080016ac       0x4c obj\release\stm_lib\src\stm32f10x_adc.o
                0x080016ac                ADC_Init
 .text.ADC_Cmd  0x080016f8       0x14 obj\release\stm_lib\src\stm32f10x_adc.o
                0x080016f8                ADC_Cmd
 .text.ADC_ResetCalibration
                0x0800170c        0xc obj\release\stm_lib\src\stm32f10x_adc.o
                0x0800170c                ADC_ResetCalibration
 .text.ADC_GetResetCalibrationStatus
                0x08001718        0x8 obj\release\stm_lib\src\stm32f10x_adc.o
                0x08001718                ADC_GetResetCalibrationStatus
 .text.ADC_StartCalibration
                0x08001720        0xc obj\release\stm_lib\src\stm32f10x_adc.o
                0x08001720                ADC_StartCalibration
 .text.ADC_GetCalibrationStatus
                0x0800172c        0x8 obj\release\stm_lib\src\stm32f10x_adc.o
                0x0800172c                ADC_GetCalibrationStatus
 .text.ADC_SoftwareStartConvCmd
                0x08001734       0x14 obj\release\stm_lib\src\stm32f10x_adc.o
                0x08001734                ADC_SoftwareStartConvCmd
 .text.ADC_RegularChannelConfig
                0x08001748       0x98 obj\release\stm_lib\src\stm32f10x_adc.o
                0x08001748                ADC_RegularChannelConfig
 .text.ADC_GetConversionValue
                0x080017e0        0x8 obj\release\stm_lib\src\stm32f10x_adc.o
                0x080017e0                ADC_GetConversionValue
 .text.ADC_ClearITPendingBit
                0x080017e8        0x8 obj\release\stm_lib\src\stm32f10x_adc.o
                0x080017e8                ADC_ClearITPendingBit
 .text.BKP_TamperPinCmd
                0x080017f0        0xc obj\release\stm_lib\src\stm32f10x_bkp.o
                0x080017f0                BKP_TamperPinCmd
 .text.BKP_ClearFlag
                0x080017fc       0x14 obj\release\stm_lib\src\stm32f10x_bkp.o
                0x080017fc                BKP_ClearFlag
 .text.BKP_ClearITPendingBit
                0x08001810       0x14 obj\release\stm_lib\src\stm32f10x_bkp.o
                0x08001810                BKP_ClearITPendingBit
 .text.GPIO_Init
                0x08001824      0x3d4 obj\release\stm_lib\src\stm32f10x_gpio.o
                0x08001824                GPIO_Init
 .text.PWR_BackupAccessCmd
                0x08001bf8        0xc obj\release\stm_lib\src\stm32f10x_pwr.o
                0x08001bf8                PWR_BackupAccessCmd
 .text.RCC_ADCCLKConfig
                0x08001c04       0x14 obj\release\stm_lib\src\stm32f10x_rcc.o
                0x08001c04                RCC_ADCCLKConfig
 .text.RCC_LSEConfig
                0x08001c18       0x20 obj\release\stm_lib\src\stm32f10x_rcc.o
                0x08001c18                RCC_LSEConfig
 .text.RCC_RTCCLKConfig
                0x08001c38       0x10 obj\release\stm_lib\src\stm32f10x_rcc.o
                0x08001c38                RCC_RTCCLKConfig
 .text.RCC_RTCCLKCmd
                0x08001c48        0xc obj\release\stm_lib\src\stm32f10x_rcc.o
                0x08001c48                RCC_RTCCLKCmd
 .text.RCC_APB2PeriphClockCmd
                0x08001c54       0x1c obj\release\stm_lib\src\stm32f10x_rcc.o
                0x08001c54                RCC_APB2PeriphClockCmd
 .text.RCC_APB1PeriphClockCmd
                0x08001c70       0x1c obj\release\stm_lib\src\stm32f10x_rcc.o
                0x08001c70                RCC_APB1PeriphClockCmd
 .text.RCC_GetFlagStatus
                0x08001c8c       0x30 obj\release\stm_lib\src\stm32f10x_rcc.o
                0x08001c8c                RCC_GetFlagStatus
 .text.RTC_ITConfig
                0x08001cbc       0x1c obj\release\stm_lib\src\stm32f10x_rtc.o
                0x08001cbc                RTC_ITConfig
 .text.RTC_GetCounter
                0x08001cd8       0x14 obj\release\stm_lib\src\stm32f10x_rtc.o
                0x08001cd8                RTC_GetCounter
 .text.RTC_SetCounter
                0x08001cec       0x28 obj\release\stm_lib\src\stm32f10x_rtc.o
                0x08001cec                RTC_SetCounter
 .text.RTC_SetPrescaler
                0x08001d14       0x2c obj\release\stm_lib\src\stm32f10x_rtc.o
                0x08001d14                RTC_SetPrescaler
 .text.RTC_WaitForLastTask
                0x08001d40       0x18 obj\release\stm_lib\src\stm32f10x_rtc.o
                0x08001d40                RTC_WaitForLastTask
 .text.RTC_WaitForSynchro
                0x08001d58       0x24 obj\release\stm_lib\src\stm32f10x_rtc.o
                0x08001d58                RTC_WaitForSynchro
 .text.RTC_ClearITPendingBit
                0x08001d7c       0x14 obj\release\stm_lib\src\stm32f10x_rtc.o
                0x08001d7c                RTC_ClearITPendingBit
 *(.glue_7t)
 .glue_7t       0x00000000        0x0 linker stubs
 *(.glue_7)
 .glue_7        0x00000000        0x0 linker stubs
 *(.rodata .rodata* .gnu.linkonce.r.*)

.vfp11_veneer   0x08001d90        0x0
 .vfp11_veneer  0x00000000        0x0 linker stubs

.v4_bx          0x08001d90        0x0
 .v4_bx         0x00000000        0x0 linker stubs

.iplt           0x08001d90        0x0
 .iplt          0x00000000        0x0 d:/program files/emblocks/2.20/share/em_armgcc/bin/../lib/gcc/arm-none-eabi/4.7.3/armv7-m/crtbegin.o

.rel.dyn        0x08001d90        0x0
 .rel.iplt      0x00000000        0x0 d:/program files/emblocks/2.20/share/em_armgcc/bin/../lib/gcc/arm-none-eabi/4.7.3/armv7-m/crtbegin.o

.ARM.extab
 *(.ARM.extab* .gnu.linkonce.armextab.*)

.ARM.exidx
 *(.ARM.exidx* .gnu.linkonce.armexidx.*)
                0x08001d90                . = ALIGN (0x4)
                0x08001d90                _etext = .
                0x08001d90                _sidata = .

.data           0x20000000        0x4 load address 0x08001d90
                0x20000000                _sdata = .
 *(.data .data.*)
 .data.InCount.5445
                0x20000000        0x1 obj\release\src\rtc.o
 *fill*         0x20000001        0x1 
 .data.OldValue.5406
                0x20000002        0x2 obj\release\src\adc.o
                0x20000004                . = ALIGN (0x4)
                0x20000004                _edata = .

.igot.plt       0x20000004        0x0 load address 0x08001d94
 .igot.plt      0x00000000        0x0 d:/program files/emblocks/2.20/share/em_armgcc/bin/../lib/gcc/arm-none-eabi/4.7.3/armv7-m/crtbegin.o

.bss            0x20000004       0x48 load address 0x08001d94
                0x20000004                __bss_start__ = .
                0x20000004                _sbss = .
 *(.bss .bss.*)
 .bss.FlagEntrance.5446
                0x20000004        0x1 obj\release\src\rtc.o
 *fill*         0x20000005        0x3 
 .bss.WatchCounter
                0x20000008        0x4 obj\release\src\rtc.o
                0x20000008                WatchCounter
 .bss.TamperEvent
                0x2000000c        0x1 obj\release\src\rtc.o
                0x2000000c                TamperEvent
 .bss.pValue.5405
                0x2000000d        0x1 obj\release\src\adc.o
 .bss.InsideCounter.5293
                0x2000000e        0x1 obj\release\src\ioconfig.o
 .bss.InsideCounter.5289
                0x2000000f        0x1 obj\release\src\ioconfig.o
 .bss.InsideCounter.5297
                0x20000010        0x1 obj\release\src\ioconfig.o
 .bss.InsideCounter.5301
                0x20000011        0x1 obj\release\src\ioconfig.o
 .bss.InsideCounter.5305
                0x20000012        0x1 obj\release\src\ioconfig.o
 *fill*         0x20000013        0x1 
 .bss.OutsideCounter
                0x20000014        0x2 obj\release\src\timers.o
                0x20000014                OutsideCounter
 *(COMMON)
 *fill*         0x20000016        0x2 
 COMMON         0x20000018        0x7 obj\release\src\rtc.o
                0x20000018                s_TimeStructVar
                0x2000001e                ClockSource
 *fill*         0x2000001f        0x1 
 COMMON         0x20000020       0x2c obj\release\src\adc.o
                0x20000020                ADC_InitStructure
                0x20000034                ADC_ConvertedValue
                0x20000044                GPIO_InitStructure
                0x20000048                NVIC_InitStructure
                0x2000004c                . = ALIGN (0x4)
                0x2000004c                _ebss = .
                0x2000004c                __bss_end__ = .

.co_stack       0x2000004c      0x404 load address 0x08001ddc
                0x20000050                . = ALIGN (0x8)
 *fill*         0x2000004c        0x4 
 *(.co_stack .co_stack.*)
 .co_stack      0x20000050      0x400 obj\release\src\startup_stm32f10x_md_vl.o
                0x20000050                pulStack
                0x20000450                . = ALIGN (0x4)
                0x20000450                _end = .
LOAD obj\release\src\rtc.o
LOAD obj\release\src\adc.o
LOAD obj\release\src\delays.o
LOAD obj\release\src\digits.o
LOAD obj\release\src\ioconfig.o
LOAD obj\release\src\main.o
LOAD obj\release\src\startup_stm32f10x_md_vl.o
LOAD obj\release\src\system_stm32f10x.o
LOAD obj\release\src\timers.o
LOAD obj\release\src\uart.o
LOAD obj\release\stm_lib\src\misc.o
LOAD obj\release\stm_lib\src\stm32f10x_adc.o
LOAD obj\release\stm_lib\src\stm32f10x_bkp.o
LOAD obj\release\stm_lib\src\stm32f10x_can.o
LOAD obj\release\stm_lib\src\stm32f10x_cec.o
LOAD obj\release\stm_lib\src\stm32f10x_crc.o
LOAD obj\release\stm_lib\src\stm32f10x_dac.o
LOAD obj\release\stm_lib\src\stm32f10x_dbgmcu.o
LOAD obj\release\stm_lib\src\stm32f10x_dma.o
LOAD obj\release\stm_lib\src\stm32f10x_exti.o
LOAD obj\release\stm_lib\src\stm32f10x_flash.o
LOAD obj\release\stm_lib\src\stm32f10x_fsmc.o
LOAD obj\release\stm_lib\src\stm32f10x_gpio.o
LOAD obj\release\stm_lib\src\stm32f10x_i2c.o
LOAD obj\release\stm_lib\src\stm32f10x_iwdg.o
LOAD obj\release\stm_lib\src\stm32f10x_pwr.o
LOAD obj\release\stm_lib\src\stm32f10x_rcc.o
LOAD obj\release\stm_lib\src\stm32f10x_rtc.o
LOAD obj\release\stm_lib\src\stm32f10x_sdio.o
LOAD obj\release\stm_lib\src\stm32f10x_spi.o
LOAD obj\release\stm_lib\src\stm32f10x_tim.o
LOAD obj\release\stm_lib\src\stm32f10x_usart.o
LOAD obj\release\stm_lib\src\stm32f10x_wwdg.o
START GROUP
LOAD d:/program files/emblocks/2.20/share/em_armgcc/bin/../lib/gcc/arm-none-eabi/4.7.3/armv7-m\libgcc.a
LOAD d:/program files/emblocks/2.20/share/em_armgcc/bin/../lib/gcc/arm-none-eabi/4.7.3/../../../../arm-none-eabi/lib/armv7-m\libc.a
LOAD d:/program files/emblocks/2.20/share/em_armgcc/bin/../lib/gcc/arm-none-eabi/4.7.3/../../../../arm-none-eabi/lib/armv7-m\libg.a
LOAD d:/program files/emblocks/2.20/share/em_armgcc/bin/../lib/gcc/arm-none-eabi/4.7.3/../../../../arm-none-eabi/lib/armv7-m\libm.a
LOAD d:/program files/emblocks/2.20/share/em_armgcc/bin/../lib/gcc/arm-none-eabi/4.7.3/../../../../arm-none-eabi/lib/armv7-m\libnosys.a
END GROUP
LOAD d:/program files/emblocks/2.20/share/em_armgcc/bin/../lib/gcc/arm-none-eabi/4.7.3/armv7-m/crtend.o
LOAD d:/program files/emblocks/2.20/share/em_armgcc/bin/../lib/gcc/arm-none-eabi/4.7.3/armv7-m/crtn.o
OUTPUT(bin\Release\GPS_watch.elf elf32-littlearm)

.debug_info     0x00000000     0x769b
 .debug_info    0x00000000     0x13ce obj\release\src\rtc.o
 .debug_info    0x000013ce      0xbab obj\release\src\adc.o
 .debug_info    0x00001f79      0x13d obj\release\src\delays.o
 .debug_info    0x000020b6      0x1cb obj\release\src\digits.o
 .debug_info    0x00002281      0x7df obj\release\src\ioconfig.o
 .debug_info    0x00002a60      0x38b obj\release\src\main.o
 .debug_info    0x00002deb      0x12e obj\release\src\startup_stm32f10x_md_vl.o
 .debug_info    0x00002f19      0x473 obj\release\src\system_stm32f10x.o
 .debug_info    0x0000338c      0xaef obj\release\src\timers.o
 .debug_info    0x00003e7b      0x596 obj\release\stm_lib\src\misc.o
 .debug_info    0x00004411      0xcd8 obj\release\stm_lib\src\stm32f10x_adc.o
 .debug_info    0x000050e9      0x8c1 obj\release\stm_lib\src\stm32f10x_bkp.o
 .debug_info    0x000059aa      0x8da obj\release\stm_lib\src\stm32f10x_gpio.o
 .debug_info    0x00006284      0x506 obj\release\stm_lib\src\stm32f10x_pwr.o
 .debug_info    0x0000678a      0xa2e obj\release\stm_lib\src\stm32f10x_rcc.o
 .debug_info    0x000071b8      0x4e3 obj\release\stm_lib\src\stm32f10x_rtc.o

.debug_abbrev   0x00000000     0x1c6f
 .debug_abbrev  0x00000000      0x33f obj\release\src\rtc.o
 .debug_abbrev  0x0000033f      0x2be obj\release\src\adc.o
 .debug_abbrev  0x000005fd       0xd1 obj\release\src\delays.o
 .debug_abbrev  0x000006ce       0xb2 obj\release\src\digits.o
 .debug_abbrev  0x00000780      0x1ba obj\release\src\ioconfig.o
 .debug_abbrev  0x0000093a      0x122 obj\release\src\main.o
 .debug_abbrev  0x00000a5c       0xf1 obj\release\src\startup_stm32f10x_md_vl.o
 .debug_abbrev  0x00000b4d      0x170 obj\release\src\system_stm32f10x.o
 .debug_abbrev  0x00000cbd      0x23a obj\release\src\timers.o
 .debug_abbrev  0x00000ef7      0x154 obj\release\stm_lib\src\misc.o
 .debug_abbrev  0x0000104b      0x225 obj\release\stm_lib\src\stm32f10x_adc.o
 .debug_abbrev  0x00001270      0x1b7 obj\release\stm_lib\src\stm32f10x_bkp.o
 .debug_abbrev  0x00001427      0x221 obj\release\stm_lib\src\stm32f10x_gpio.o
 .debug_abbrev  0x00001648      0x1d3 obj\release\stm_lib\src\stm32f10x_pwr.o
 .debug_abbrev  0x0000181b      0x28f obj\release\stm_lib\src\stm32f10x_rcc.o
 .debug_abbrev  0x00001aaa      0x1c5 obj\release\stm_lib\src\stm32f10x_rtc.o

.debug_loc      0x00000000     0x3677
 .debug_loc     0x00000000      0x2e4 obj\release\src\rtc.o
 .debug_loc     0x000002e4      0x1a1 obj\release\src\adc.o
 .debug_loc     0x00000485       0x20 obj\release\src\delays.o
 .debug_loc     0x000004a5       0xc0 obj\release\src\ioconfig.o
 .debug_loc     0x00000565       0x20 obj\release\src\main.o
 .debug_loc     0x00000585       0x20 obj\release\src\startup_stm32f10x_md_vl.o
 .debug_loc     0x000005a5      0x15d obj\release\src\system_stm32f10x.o
 .debug_loc     0x00000702      0x108 obj\release\src\timers.o
 .debug_loc     0x0000080a      0x181 obj\release\stm_lib\src\misc.o
 .debug_loc     0x0000098b      0xa0d obj\release\stm_lib\src\stm32f10x_adc.o
 .debug_loc     0x00001398      0x198 obj\release\stm_lib\src\stm32f10x_bkp.o
 .debug_loc     0x00001530     0x155b obj\release\stm_lib\src\stm32f10x_gpio.o
 .debug_loc     0x00002a8b      0x151 obj\release\stm_lib\src\stm32f10x_pwr.o
 .debug_loc     0x00002bdc      0x88d obj\release\stm_lib\src\stm32f10x_rcc.o
 .debug_loc     0x00003469      0x20e obj\release\stm_lib\src\stm32f10x_rtc.o

.debug_aranges  0x00000000      0x6b8
 .debug_aranges
                0x00000000       0x70 obj\release\src\rtc.o
 .debug_aranges
                0x00000070       0x40 obj\release\src\adc.o
 .debug_aranges
                0x000000b0       0x30 obj\release\src\delays.o
 .debug_aranges
                0x000000e0       0x38 obj\release\src\digits.o
 .debug_aranges
                0x00000118       0x60 obj\release\src\ioconfig.o
 .debug_aranges
                0x00000178       0x20 obj\release\src\main.o
 .debug_aranges
                0x00000198       0x28 obj\release\src\startup_stm32f10x_md_vl.o
 .debug_aranges
                0x000001c0       0x28 obj\release\src\system_stm32f10x.o
 .debug_aranges
                0x000001e8       0x30 obj\release\src\timers.o
 .debug_aranges
                0x00000218       0x40 obj\release\stm_lib\src\misc.o
 .debug_aranges
                0x00000258      0x138 obj\release\stm_lib\src\stm32f10x_adc.o
 .debug_aranges
                0x00000390       0x78 obj\release\stm_lib\src\stm32f10x_bkp.o
 .debug_aranges
                0x00000408       0xa8 obj\release\stm_lib\src\stm32f10x_gpio.o
 .debug_aranges
                0x000004b0       0x60 obj\release\stm_lib\src\stm32f10x_pwr.o
 .debug_aranges
                0x00000510      0x120 obj\release\stm_lib\src\stm32f10x_rcc.o
 .debug_aranges
                0x00000630       0x88 obj\release\stm_lib\src\stm32f10x_rtc.o

.debug_ranges   0x00000000      0x778
 .debug_ranges  0x00000000       0xc0 obj\release\src\rtc.o
 .debug_ranges  0x000000c0       0x60 obj\release\src\adc.o
 .debug_ranges  0x00000120       0x20 obj\release\src\delays.o
 .debug_ranges  0x00000140       0x28 obj\release\src\digits.o
 .debug_ranges  0x00000168       0x70 obj\release\src\ioconfig.o
 .debug_ranges  0x000001d8       0x10 obj\release\src\main.o
 .debug_ranges  0x000001e8       0x18 obj\release\src\startup_stm32f10x_md_vl.o
 .debug_ranges  0x00000200       0x78 obj\release\src\system_stm32f10x.o
 .debug_ranges  0x00000278       0x40 obj\release\src\timers.o
 .debug_ranges  0x000002b8       0x30 obj\release\stm_lib\src\misc.o
 .debug_ranges  0x000002e8      0x128 obj\release\stm_lib\src\stm32f10x_adc.o
 .debug_ranges  0x00000410       0x68 obj\release\stm_lib\src\stm32f10x_bkp.o
 .debug_ranges  0x00000478       0x98 obj\release\stm_lib\src\stm32f10x_gpio.o
 .debug_ranges  0x00000510       0x50 obj\release\stm_lib\src\stm32f10x_pwr.o
 .debug_ranges  0x00000560      0x140 obj\release\stm_lib\src\stm32f10x_rcc.o
 .debug_ranges  0x000006a0       0xd8 obj\release\stm_lib\src\stm32f10x_rtc.o

.debug_line     0x00000000     0x26c6
 .debug_line    0x00000000      0x36f obj\release\src\rtc.o
 .debug_line    0x0000036f      0x23b obj\release\src\adc.o
 .debug_line    0x000005aa      0x143 obj\release\src\delays.o
 .debug_line    0x000006ed      0x1dc obj\release\src\digits.o
 .debug_line    0x000008c9      0x26d obj\release\src\ioconfig.o
 .debug_line    0x00000b36      0x184 obj\release\src\main.o
 .debug_line    0x00000cba       0x70 obj\release\src\startup_stm32f10x_md_vl.o
 .debug_line    0x00000d2a      0x19a obj\release\src\system_stm32f10x.o
 .debug_line    0x00000ec4      0x233 obj\release\src\timers.o
 .debug_line    0x000010f7      0x1ae obj\release\stm_lib\src\misc.o
 .debug_line    0x000012a5      0x4cf obj\release\stm_lib\src\stm32f10x_adc.o
 .debug_line    0x00001774      0x225 obj\release\stm_lib\src\stm32f10x_bkp.o
 .debug_line    0x00001999      0x474 obj\release\stm_lib\src\stm32f10x_gpio.o
 .debug_line    0x00001e0d      0x21c obj\release\stm_lib\src\stm32f10x_pwr.o
 .debug_line    0x00002029      0x417 obj\release\stm_lib\src\stm32f10x_rcc.o
 .debug_line    0x00002440      0x286 obj\release\stm_lib\src\stm32f10x_rtc.o

.debug_str      0x00000000     0x1f60
 .debug_str     0x00000000      0xb5f obj\release\src\rtc.o
                                0xbb9 (size before relaxing)
 .debug_str     0x00000b5f      0x3a1 obj\release\src\adc.o
                                0x894 (size before relaxing)
 .debug_str     0x00000f00       0x30 obj\release\src\delays.o
                                0x121 (size before relaxing)
 .debug_str     0x00000f30       0x13 obj\release\src\digits.o
                                0x14c (size before relaxing)
 .debug_str     0x00000f43      0x121 obj\release\src\ioconfig.o
                                0x59c (size before relaxing)
 .debug_str     0x00001064       0x1a obj\release\src\main.o
                                0x213 (size before relaxing)
 .debug_str     0x0000107e       0x8a obj\release\src\startup_stm32f10x_md_vl.o
                                 0xf0 (size before relaxing)
 .debug_str     0x00001108       0xe7 obj\release\src\system_stm32f10x.o
                                0x257 (size before relaxing)
 .debug_str     0x000011ef       0xb7 obj\release\src\timers.o
                                0x73f (size before relaxing)
 .debug_str     0x000012a6       0xe2 obj\release\stm_lib\src\misc.o
                                0x34c (size before relaxing)
 .debug_str     0x00001388      0x39a obj\release\stm_lib\src\stm32f10x_adc.o
                                0x695 (size before relaxing)
 .debug_str     0x00001722      0x10e obj\release\stm_lib\src\stm32f10x_bkp.o
                                0x54b (size before relaxing)
 .debug_str     0x00001830      0x20c obj\release\stm_lib\src\stm32f10x_gpio.o
                                0x4b3 (size before relaxing)
 .debug_str     0x00001a3c       0xfe obj\release\stm_lib\src\stm32f10x_pwr.o
                                0x2bc (size before relaxing)
 .debug_str     0x00001b3a      0x339 obj\release\stm_lib\src\stm32f10x_rcc.o
                                0x5f0 (size before relaxing)
 .debug_str     0x00001e73       0xed obj\release\stm_lib\src\stm32f10x_rtc.o
                                0x325 (size before relaxing)

.comment        0x00000000       0x4e
 .comment       0x00000000       0x4e obj\release\src\rtc.o
                                 0x4f (size before relaxing)
 .comment       0x00000000       0x4f obj\release\src\adc.o
 .comment       0x00000000       0x4f obj\release\src\delays.o
 .comment       0x00000000       0x4f obj\release\src\digits.o
 .comment       0x00000000       0x4f obj\release\src\ioconfig.o
 .comment       0x00000000       0x4f obj\release\src\main.o
 .comment       0x00000000       0x4f obj\release\src\startup_stm32f10x_md_vl.o
 .comment       0x00000000       0x4f obj\release\src\system_stm32f10x.o
 .comment       0x00000000       0x4f obj\release\src\timers.o
 .comment       0x00000000       0x4f obj\release\stm_lib\src\misc.o
 .comment       0x00000000       0x4f obj\release\stm_lib\src\stm32f10x_adc.o
 .comment       0x00000000       0x4f obj\release\stm_lib\src\stm32f10x_bkp.o
 .comment       0x00000000       0x4f obj\release\stm_lib\src\stm32f10x_gpio.o
 .comment       0x00000000       0x4f obj\release\stm_lib\src\stm32f10x_pwr.o
 .comment       0x00000000       0x4f obj\release\stm_lib\src\stm32f10x_rcc.o
 .comment       0x00000000       0x4f obj\release\stm_lib\src\stm32f10x_rtc.o

.ARM.attributes
                0x00000000       0x29
 .ARM.attributes
                0x00000000       0x2f obj\release\src\rtc.o
 .ARM.attributes
                0x0000002f       0x2f obj\release\src\adc.o
 .ARM.attributes
                0x0000005e       0x2f obj\release\src\delays.o
 .ARM.attributes
                0x0000008d       0x2f obj\release\src\digits.o
 .ARM.attributes
                0x000000bc       0x2f obj\release\src\ioconfig.o
 .ARM.attributes
                0x000000eb       0x2f obj\release\src\main.o
 .ARM.attributes
                0x0000011a       0x2f obj\release\src\startup_stm32f10x_md_vl.o
 .ARM.attributes
                0x00000149       0x2f obj\release\src\system_stm32f10x.o
 .ARM.attributes
                0x00000178       0x2f obj\release\src\timers.o
 .ARM.attributes
                0x000001a7       0x2f obj\release\stm_lib\src\misc.o
 .ARM.attributes
                0x000001d6       0x2f obj\release\stm_lib\src\stm32f10x_adc.o
 .ARM.attributes
                0x00000205       0x2f obj\release\stm_lib\src\stm32f10x_bkp.o
 .ARM.attributes
                0x00000234       0x2f obj\release\stm_lib\src\stm32f10x_gpio.o
 .ARM.attributes
                0x00000263       0x2f obj\release\stm_lib\src\stm32f10x_pwr.o
 .ARM.attributes
                0x00000292       0x2f obj\release\stm_lib\src\stm32f10x_rcc.o
 .ARM.attributes
                0x000002c1       0x2f obj\release\stm_lib\src\stm32f10x_rtc.o

.debug_frame    0x00000000      0xd10
 .debug_frame   0x00000000      0x138 obj\release\src\rtc.o
 .debug_frame   0x00000138       0x98 obj\release\src\adc.o
 .debug_frame   0x000001d0       0x40 obj\release\src\delays.o
 .debug_frame   0x00000210       0x50 obj\release\src\digits.o
 .debug_frame   0x00000260       0xd0 obj\release\src\ioconfig.o
 .debug_frame   0x00000330       0x28 obj\release\src\main.o
 .debug_frame   0x00000358       0x38 obj\release\src\startup_stm32f10x_md_vl.o
 .debug_frame   0x00000390       0x34 obj\release\src\system_stm32f10x.o
 .debug_frame   0x000003c4       0x54 obj\release\src\timers.o
 .debug_frame   0x00000418       0x68 obj\release\stm_lib\src\misc.o
 .debug_frame   0x00000480      0x284 obj\release\stm_lib\src\stm32f10x_adc.o
 .debug_frame   0x00000704       0xe0 obj\release\stm_lib\src\stm32f10x_bkp.o
 .debug_frame   0x000007e4      0x160 obj\release\stm_lib\src\stm32f10x_gpio.o
 .debug_frame   0x00000944       0xb0 obj\release\stm_lib\src\stm32f10x_pwr.o
 .debug_frame   0x000009f4      0x22c obj\release\stm_lib\src\stm32f10x_rcc.o
 .debug_frame   0x00000c20       0xf0 obj\release\stm_lib\src\stm32f10x_rtc.o
